line01 insert    column10  column20  column30 
line02    column10  column20  column30 
line03  world  column10  column20  column30 
line04    column10  column20  column30 
line05    column10 hello  column20  column30 
line06    column10  column20  column30 
line07    column10  column20  column30 
line08    column10  column20  column30 
ine09    column10  column20  column30 
line10    column10  column20  column30 
line11    COLumn10  column20  column30 
line12    col
umn10  column20  column30 
line13    column10  column20  column30 
line14    column10  column20  column30 
line15    column10  column20  column30 

line16    column10  column20  column30 
line17    column10  column20  column30 

line19    column10  column20  column30 
line20    column10.  column20  column30 
aline21    column10  column20  column30 e
line22    column10  column20  column30 
line23    column10  column20  column30 
line24    column10  column20  column30 
line25    column10  column20  column30 
line26    column10  column20  column30 
line27    column10  column20  column30 
line28    column10  column20  column30 
line29    column10  column20  column30 
line30    column10  column20  column30 
line31    column10  column20  column30 
20 lines down.line32    column10  column20  column30 
line33    column10  column20  column30 
line34    column10  column20  column30 
line35    column10  column20  column30 
line36    column10  column20  column30 
line37    column10  column20  column30 
line38    column10  column20  column30 
line39    column10  column20  column30 
