
tmpheap.fth
tester.fth
util-words.fth

init.fth
strtab.fth
errormsgs.fth
errorhandler.fth
fake-memsym.fth
symboltable.fth
fake-input.fth
scanner.fth
idbuf: i

testing word.
auto break case char continue default
do else extern for goto if
int register return static switch while

++ += + -- -= - *= * /= /* / %=
% &= && & |= || | ^= ^ != ! ==
= <<= << <= < >>= >> >= > ~ 

test completed with 0 errors

